0,1,2,3
ABC,EWE,66000004,212
FER,QMI GEORGIAN,59100003,212
RER,QMI TAMIL,60000002,212
KIY,Azerbaijani,24401107,210
HTS,LATIN,70100002,212
HTD,Xiang Chinese,24401136,210
JUT,QMI WELSH,58500002,212
YJR,Oromo,24401190,210
HTT,MALTESE,68900003,212
UJY,DUMMY29,34700011,212